Where is my git branch

Jira account

bitbucket

Company der g-suite

Drop down list
-----------------------------------
https://youtu.be/DvvnhRo0kHQ
https://stackoverflow.com/questions/49273157/how-to-implement-drop-down-list-in-flutter

new DropdownButton<String>(
  items: <String>['A', 'B', 'C', 'D'].map((String value) {
    return new DropdownMenuItem<String>(
      value: value,
      child: new Text(value),
    );
  }).toList(),
  onChanged: (_) {},
)


Copyright (C) Microsoft Corporation. All rights reserved.

Try the new cross-platform PowerShell https://aka.ms/pscore6

PS C:\Users\ITSUKA KOTORI> git
usage: git [--version] [--help] [-C <path>] [-c <name>=<value>]
           [--exec-path[=<path>]] [--html-path] [--man-path] [--info-path]
           [-p | --paginate | -P | --no-pager] [--no-replace-objects] [--bare]
           [--git-dir=<path>] [--work-tree=<path>] [--namespace=<name>]
           <command> [<args>]

These are common Git commands used in various situations:

start a working area (see also: git help tutorial)
   clone             Clone a repository into a new directory
   init              Create an empty Git repository or reinitialize an existing one

work on the current change (see also: git help everyday)
   add               Add file contents to the index
   mv                Move or rename a file, a directory, or a symlink
   restore           Restore working tree files
   rm                Remove files from the working tree and from the index
   sparse-checkout   Initialize and modify the sparse-checkout

examine the history and state (see also: git help revisions)
   bisect            Use binary search to find the commit that introduced a bug
   diff              Show changes between commits, commit and working tree, etc
   grep              Print lines matching a pattern
   log               Show commit logs
   show              Show various types of objects
   status            Show the working tree status

grow, mark and tweak your common history
   branch            List, create, or delete branches
   commit            Record changes to the repository
   merge             Join two or more development histories together
   rebase            Reapply commits on top of another base tip
   reset             Reset current HEAD to the specified state
   switch            Switch branches
   tag               Create, list, delete or verify a tag object signed with GPG

collaborate (see also: git help workflows)
   fetch             Download objects and refs from another repository
   pull              Fetch from and integrate with another repository or a local branch
   push              Update remote refs along with associated objects

'git help -a' and 'git help -g' list available subcommands and some
concept guides. See 'git help <command>' or 'git help <concept>'
to read about a specific subcommand or concept.
See 'git help git' for an overview of the system.
PS C:\Users\ITSUKA KOTORI> cd C:\Users\ITSUKA KOTORI\Documents\careconcierge_real
Set-Location : A positional parameter cannot be found that accepts argument 'KOTORI\Documents\careconcierge_real'.
At line:1 char:1
+ cd C:\Users\ITSUKA KOTORI\Documents\careconcierge_real
+ ~~~~~~~~~~~~~~~~~~~~~~~~~~~~~~~~~~~~~~~~~~~~~~~~~~~~~~
    + CategoryInfo          : InvalidArgument: (:) [Set-Location], ParameterBindingException
    + FullyQualifiedErrorId : PositionalParameterNotFound,Microsoft.PowerShell.Commands.SetLocationCommand

PS C:\Users\ITSUKA KOTORI> cd .\Documents\
PS C:\Users\ITSUKA KOTORI\Documents> cd .\careconcierge_real\
PS C:\Users\ITSUKA KOTORI\Documents\careconcierge_real> git status
On branch develop
Your branch is behind 'origin/develop' by 6 commits, and can be fast-forwarded.
  (use "git pull" to update your local branch)

nothing to commit, working tree clean
PS C:\Users\ITSUKA KOTORI\Documents\careconcierge_real> git branch
  CCA-71-ui-medication-improvement
* develop
  master
PS C:\Users\ITSUKA KOTORI\Documents\careconcierge_real> git pull                                                        fatal: TaskCanceledException encountered.
   A task was canceled.
Password for 'https://sejarasakura@bitbucket.org':
Updating 813744b..e2ea785
Fast-forward
 assets/images/add_button_blue.png                  | Bin 0 -> 40892 bytes
PS C:\Users\ITSUKA KOTORI\Documents\careconcierge_real> git status
On branch CCA-71-ui-medication-improvement
Your branch is ahead of 'origin/CCA-71-ui-medication-improvement' by 7 commits.
  (use "git push" to publish your local commits)

nothing to commit, working tree clean
PS C:\Users\ITSUKA KOTORI\Documents\careconcierge_real> git push
fatal: TaskCanceledException encountered.
   A task was canceled.
Password for 'https://sejarasakura@bitbucket.org':
Enumerating objects: 13, done.
Counting objects: 100% (13/13), done.
Delta compression using up to 8 threads
Compressing objects: 100% (5/5), done.
Writing objects: 100% (5/5), 520 bytes | 520.00 KiB/s, done.
Total 5 (delta 4), reused 0 (delta 0), pack-reused 0
remote:
remote: View pull request for CCA-71-ui-medication-improvement => develop:
remote:   https://bitbucket.org/mycareconcierge/careconcierge/pull-requests/50?t=1
remote:
To https://bitbucket.org/mycareconcierge/careconcierge.git
   01dbf5b..5cd9f75  CCA-71-ui-medication-improvement -> CCA-71-ui-medication-improvement
PS C:\Users\ITSUKA KOTORI\Documents\careconcierge_real>